
DCS@DESKTOP-EL9T42R MINGW64 ~/Desktop/2019csc028/test
$ git init
Initialized empty Git repository in C:/Users/DCS/Desktop/2019csc028/test/.git/

DCS@DESKTOP-EL9T42R MINGW64 ~/Desktop/2019csc028/test (master)
$ echo "# test" >> README.md

DCS@DESKTOP-EL9T42R MINGW64 ~/Desktop/2019csc028/test (master)
$ git branch -M main

DCS@DESKTOP-EL9T42R MINGW64 ~/Desktop/2019csc028/test (main)
$ git remote add origin https://github.com/Abishaya-Pavalasingam/test.git

DCS@DESKTOP-EL9T42R MINGW64 ~/Desktop/2019csc028/test (main)
$ git add README.md
warning: in the working copy of 'README.md', LF will be replaced by CRLF the next time Git touches it

DCS@DESKTOP-EL9T42R MINGW64 ~/Desktop/2019csc028/test (main)
$ git commit -m "Readme file added"
Author identity unknown

*** Please tell me who you are.

Run

  git config --global user.email "you@example.com"
  git config --global user.name "Your Name"

to set your account's default identity.
Omit --global to set the identity only in this repository.

fatal: unable to auto-detect email address (got 'DCS@DESKTOP-EL9T42R.(none)')

DCS@DESKTOP-EL9T42R MINGW64 ~/Desktop/2019csc028/test (main)
$ git push
fatal: The current branch main has no upstream branch.
To push the current branch and set the remote as upstream, use

    git push --set-upstream origin main

To have this happen automatically for branches without a tracking
upstream, see 'push.autoSetupRemote' in 'git help config'.


DCS@DESKTOP-EL9T42R MINGW64 ~/Desktop/2019csc028/test (main)
$ git push --set-upstream origin main
error: src refspec main does not match any
error: failed to push some refs to 'https://github.com/Abishaya-Pavalasingam/test.git'

DCS@DESKTOP-EL9T42R MINGW64 ~/Desktop/2019csc028/test (main)
$  git config --global user.email "abishaya300@gmail.com"

DCS@DESKTOP-EL9T42R MINGW64 ~/Desktop/2019csc028/test (main)
$  git config --global user.name "Abishaya-Pavalasingam"

DCS@DESKTOP-EL9T42R MINGW64 ~/Desktop/2019csc028/test (main)
$ git commit -m "Readme file added"
[main (root-commit) ad895a2] Readme file added
 1 file changed, 1 insertion(+)
 create mode 100644 README.md

DCS@DESKTOP-EL9T42R MINGW64 ~/Desktop/2019csc028/test (main)
$ git push
fatal: The current branch main has no upstream branch.
To push the current branch and set the remote as upstream, use

    git push --set-upstream origin main

To have this happen automatically for branches without a tracking
upstream, see 'push.autoSetupRemote' in 'git help config'.


DCS@DESKTOP-EL9T42R MINGW64 ~/Desktop/2019csc028/test (main)
$ git push --set-upstream origin main

Enumerating objects: 3, done.
Counting objects: 100% (3/3), done.
Writing objects: 100% (3/3), 231 bytes | 231.00 KiB/s, done.
Total 3 (delta 0), reused 0 (delta 0), pack-reused 0
To https://github.com/Abishaya-Pavalasingam/test.git
 * [new branch]      main -> main
branch 'main' set up to track 'origin/main'.

DCS@DESKTOP-EL9T42R MINGW64 ~/Desktop/2019csc028/test (main)
$

DCS@DESKTOP-EL9T42R MINGW64 ~/Desktop/2019csc028/test (main)
$ git status
On branch main
Your branch is up to date with 'origin/main'.

nothing to commit, working tree clean

DCS@DESKTOP-EL9T42R MINGW64 ~/Desktop/2019csc028/test (main)
$ git add .

DCS@DESKTOP-EL9T42R MINGW64 ~/Desktop/2019csc028/test (main)
$ git commit -m "Java file added"
[main ad6fbd3] Java file added
 1 file changed, 9 insertions(+)
 create mode 100644 sum.java

DCS@DESKTOP-EL9T42R MINGW64 ~/Desktop/2019csc028/test (main)
$ git push
Enumerating objects: 4, done.
Counting objects: 100% (4/4), done.
Delta compression using up to 16 threads
Compressing objects: 100% (3/3), done.
Writing objects: 100% (3/3), 390 bytes | 390.00 KiB/s, done.
Total 3 (delta 0), reused 0 (delta 0), pack-reused 0
To https://github.com/Abishaya-Pavalasingam/test.git
   ad895a2..ad6fbd3  main -> main

DCS@DESKTOP-EL9T42R MINGW64 ~/Desktop/2019csc028/test (main)
$ git pull
remote: Enumerating objects: 5, done.
remote: Counting objects: 100% (5/5), done.
remote: Compressing objects: 100% (3/3), done.
remote: Total 3 (delta 1), reused 0 (delta 0), pack-reused 0
Unpacking objects: 100% (3/3), 724 bytes | 6.00 KiB/s, done.
From https://github.com/Abishaya-Pavalasingam/test
   ad6fbd3..c449d70  main       -> origin/main
Updating ad6fbd3..c449d70
Fast-forward
 sum.java | 4 ++--
 1 file changed, 2 insertions(+), 2 deletions(-)

DCS@DESKTOP-EL9T42R MINGW64 ~/Desktop/2019csc028/test (main)
$ git pull
remote: Enumerating objects: 5, done.
remote: Counting objects: 100% (5/5), done.
remote: Compressing objects: 100% (3/3), done.
remote: Total 3 (delta 1), reused 0 (delta 0), pack-reused 0
Unpacking objects: 100% (3/3), 700 bytes | 6.00 KiB/s, done.
From https://github.com/Abishaya-Pavalasingam/test
   c449d70..d12a4ef  main       -> origin/main
error: Your local changes to the following files would be overwritten by merge:
        sum.java
Please commit your changes or stash them before you merge.
Aborting
Updating c449d70..d12a4ef

DCS@DESKTOP-EL9T42R MINGW64 ~/Desktop/2019csc028/test (main)
$ git add .

DCS@DESKTOP-EL9T42R MINGW64 ~/Desktop/2019csc028/test (main)
$ git commit -m "c added"
[main 179db2c] c added
 1 file changed, 1 insertion(+)

DCS@DESKTOP-EL9T42R MINGW64 ~/Desktop/2019csc028/test (main)
$ git pull
Auto-merging sum.java
CONFLICT (content): Merge conflict in sum.java
Automatic merge failed; fix conflicts and then commit the result.

DCS@DESKTOP-EL9T42R MINGW64 ~/Desktop/2019csc028/test (main|MERGING)
$ git add .

DCS@DESKTOP-EL9T42R MINGW64 ~/Desktop/2019csc028/test (main|MERGING)
$ git commit -m "c added"
[main af4434f] c added

DCS@DESKTOP-EL9T42R MINGW64 ~/Desktop/2019csc028/test (main)
$ git push
Enumerating objects: 10, done.
Counting objects: 100% (10/10), done.
Delta compression using up to 16 threads
Compressing objects: 100% (6/6), done.
Writing objects: 100% (6/6), 765 bytes | 765.00 KiB/s, done.
Total 6 (delta 1), reused 0 (delta 0), pack-reused 0
remote: Resolving deltas: 100% (1/1), done.
To https://github.com/Abishaya-Pavalasingam/test.git
   d12a4ef..af4434f  main -> main

DCS@DESKTOP-EL9T42R MINGW64 ~/Desktop/2019csc028/test (main)
$ git add .

DCS@DESKTOP-EL9T42R MINGW64 ~/Desktop/2019csc028/test (main)
$ git commit -m "d added"
[main fe8278a] d added
 1 file changed, 1 insertion(+)

DCS@DESKTOP-EL9T42R MINGW64 ~/Desktop/2019csc028/test (main)
$ git pull
remote: Enumerating objects: 5, done.
remote: Counting objects: 100% (5/5), done.
remote: Compressing objects: 100% (3/3), done.
remote: Total 3 (delta 1), reused 0 (delta 0), pack-reused 0
Unpacking objects: 100% (3/3), 703 bytes | 6.00 KiB/s, done.
From https://github.com/Abishaya-Pavalasingam/test
   af4434f..6099c24  main       -> origin/main
Auto-merging sum.java
Merge made by the 'ort' strategy.
 sum.java | 1 +
 1 file changed, 1 insertion(+)

DCS@DESKTOP-EL9T42R MINGW64 ~/Desktop/2019csc028/test (main)
$ git status
On branch main
Your branch is ahead of 'origin/main' by 2 commits.
  (use "git push" to publish your local commits)

Untracked files:
  (use "git add <file>..." to include in what will be committed)
        sub.java

nothing added to commit but untracked files present (use "git add" to track)

DCS@DESKTOP-EL9T42R MINGW64 ~/Desktop/2019csc028/test (main)
$ git add sub.java

DCS@DESKTOP-EL9T42R MINGW64 ~/Desktop/2019csc028/test (main)
$ git stash -m "import change"
Saved working directory and index state On main: import change

DCS@DESKTOP-EL9T42R MINGW64 ~/Desktop/2019csc028/test (main)
$ git stash list
stash@{0}: On main: import change
